
> interior-app-frontend@1.0.0 build
> vite build

[36mvite v5.4.21 [32mbuilding for production...[36m[39m
transforming...
[32mΓ£ô[39m 26 modules transformed.
node.exe : [31mx[39m 
Build failed in 329ms
At C:\Program 
Files\nodejs\npm.ps1:29 
char:3
+   & $NODE_EXE 
$NPM_CLI_JS $args
+   ~~~~~~~~~~~~~~~~~~~~~~
~~~~~~~
    + CategoryInfo        
      : NotSpecified: (  
  [31mx[39m Build fail   
 ed in 329ms:String) [    
], RemoteException
    + FullyQualifiedError 
   Id : NativeCommandErr  
  or
 
[31merror during build:
[31mCould not resolve "..
/../context/AuthContext" 
from "src/pages/DashboardP
age.jsx"[31m
file: [36mD:/academics/Pr
ojects/SE/Interior_design_
app/frontend/src/pages/Das
hboardPage.jsx[31m
    at getRollupError (fil
e:///D:/academics/Projects
/SE/Interior_design_app/fr
ontend/node_modules/rollup
/dist/es/shared/parseAst.j
s:406:41)
    at error (file:///D:/a
cademics/Projects/SE/Inter
ior_design_app/frontend/no
de_modules/rollup/dist/es/
shared/parseAst.js:402:42)
    at ModuleLoader.handle
InvalidResolvedId (file://
/D:/academics/Projects/SE/
Interior_design_app/fronte
nd/node_modules/rollup/dis
t/es/shared/node-entry.js:
22106:24)
    at file:///D:/academic
s/Projects/SE/Interior_des
ign_app/frontend/node_modu
les/rollup/dist/es/shared/
node-entry.js:22066:26[39
m
